// Jest Snapshot v1, https://goo.gl/fbAQLP

exports[`Rating computed \`getRatingDescription\` when invoked should return a plural description if the rating is greater than 1 1`] = `"2 stars out of 5"`;

exports[`Rating computed \`getRatingDescription\` when invoked should return a singular description if the rating is less than 2 1`] = `"1 star out of 5"`;
