// Jest Snapshot v1, https://goo.gl/fbAQLP

exports[`Header should render default component markup 1`] = `
<header data-theme="je" class="c-header c-header--transparent c-header--gradient">
  <skip-to-main-stub text="Skip to main content" transparentbg="true"></skip-to-main-stub>
  <div class="c-header-container">
    <logo-stub theme="je" istransparent="true" companyname="Just Eat" logogtmlabel="click_logo"></logo-stub>
    <navigation-stub accountlogin="[object Object]" accountlogout="[object Object]" navlinks="[object Object]" help="[object Object]" openmenutext="Open Menu" deliveryenquiry="[object Object]" justlog="[object Object]" userinfourl="/api/account/details"></navigation-stub>
  </div>
</header>
`;
