// Jest Snapshot v1, https://goo.gl/fbAQLP

exports[`Form computed ::  invalidFieldsSummary :: when fields are \`dirty\` should return the error summary with the number of invalid fields 1`] = `"There are 3 errors in the form"`;
