// Jest Snapshot v1, https://goo.gl/fbAQLP

exports[`AnalyticsModule mutations :: ({
      commit
    }, platformData) => {
      commit('updatePlatformData', platformData);
    } :: should update state with \`platformData\` 1`] = `
Object {
  "platformData": Object {
    "platformData": Object {
      "appType": "test-appType",
      "applicationId": 9,
      "branding": "test-branding",
      "country": "zu",
      "currency": "zud",
      "environment": "test-environment",
      "instancePosition": "999",
      "jeUserPercentage": 88,
      "language": "ze",
      "name": "test-name",
      "userAgent": "test-userAgent",
      "version": "9.8.7.6",
    },
  },
}
`;
