// Jest Snapshot v1, https://goo.gl/fbAQLP

exports[`Footer should render default component markup 1`] = `
<footer class="c-footer">
  <div class="c-footer-container c-footer-row c-footer-linkList">
    <link-list-stub linklist="[object Object]"></link-list-stub>
    <link-list-stub linklist="[object Object]"></link-list-stub>
    <link-list-stub linklist="[object Object]"></link-list-stub>
    <link-list-stub linklist="[object Object]"></link-list-stub>
    <link-list-stub linklist="[object Object]"></link-list-stub>
  </div>
  <div class="c-footer-row c-footer-row--shaded">
    <div class="c-footer-container c-footer-row">
      <footer-app-list-stub title="Download our apps" appsicons="[object Object],[object Object]"></footer-app-list-stub>
      <footer-feedback-stub title="Feedback" text="Help us improve our website" buttontext="Send feedback"></footer-feedback-stub>
      <footer-social-list-stub title="Follow us" socialicons="[object Object],[object Object],[object Object]"></footer-social-list-stub>
    </div>
  </div>
  <div class="c-footer-container c-footer-row">
    <footer-country-selector-stub></footer-country-selector-stub>
    <!---->
    <footer-payment-list-stub paymenticons="[object Object],[object Object],[object Object]"></footer-payment-list-stub>
  </div>
</footer>
`;
