// Jest Snapshot v1, https://goo.gl/fbAQLP

exports[`ActivationFailed should be rendered correctly 1`] = `
<div data-test-id="activation-failed-component" locale="en-GB">
  <bag-sorry-bg-icon-stub></bag-sorry-bg-icon-stub>
  <h1>
    We canâ€™t activate Just Eat Pay on your account right now, sorry.
  </h1>
  <p>
    Try again or get in touch with your Just Eat Pay administrator for help.
  </p>
</div>
`;
