// Jest Snapshot v1, https://goo.gl/fbAQLP

exports[`CheckoutModule mutations :: UPDATE_STATE :: should update state with delivery response. 1`] = `
Object {
  "address": Object {
    "city": "Bristol",
    "line1": "1 Bristol Road",
    "line2": "Flat 1",
    "postcode": "BS1 1AA",
  },
  "authToken": "",
  "availableFulfilment": Object {
    "isAsapAvailable": false,
    "times": Array [],
  },
  "basket": Object {
    "id": "",
    "total": 0,
  },
  "customer": Object {
    "email": "",
    "firstName": "Joe",
    "lastName": "",
    "mobileNumber": "+447111111111",
  },
  "geolocation": null,
  "id": "12345",
  "isFulfillable": true,
  "isLoggedIn": false,
  "issues": Array [],
  "messages": Array [
    Object {
      "message": Object {
        "text": "Please hurry, the restaurant is closing soon",
      },
      "type": "warning",
    },
    Object {
      "message": Object {
        "text": "We're sorry, some items in your basket are no longer available",
      },
      "type": "information",
    },
  ],
  "notices": Array [
    Object {
      "notice": Object {
        "text": "If you have a food allergy or intolerance (or someone you're ordering for has), <a href=\\"https://greggs.co.uk/nutrition\\" data-test-id=\\"allergen-url-link\\" target=\\"_blank\\" rel=\\"noopener\\">read what this restaurant has to say about allergies</a> before placing your order. Do not order if you cannot get the allergy information you need.",
      },
      "type": "allergy",
    },
  ],
  "orderId": "",
  "restaurantId": "",
  "serviceType": "delivery",
  "time": Object {
    "from": "2020-01-01T00:00+00:00",
    "to": "2020-01-01T00:00+00:00",
  },
  "userNote": "",
}
`;
