// Jest Snapshot v1, https://goo.gl/fbAQLP

exports[`ActivationFailed should be rendered correctly 1`] = `
<div data-test-id="activation-failed-component" locale="en-GB">
  <bag-celebrate-bg-icon-stub></bag-celebrate-bg-icon-stub>
  <h1>
    We can't activate Takeaway Pay on your account right now, sorry.
  </h1>
  <p>
    Try again or get in touch with your Takeaway Pay administrator for help.
  </p>
</div>
`;
