// Jest Snapshot v1, https://goo.gl/fbAQLP

exports[`CheckoutModule mutations :: UPDATE_STATE :: should update state with delivery response. 1`] = `
{
  "address": {
    "administrativeArea": undefined,
    "line1": "Fleet Place House",
    "line2": "Farringdon",
    "line3": null,
    "line4": undefined,
    "locality": "London",
    "postcode": "EC4M 7RF",
  },
  "authToken": "",
  "availableFulfilment": {
    "isAsapAvailable": false,
    "times": [],
  },
  "basket": {
    "id": "",
    "total": 0,
  },
  "checkoutErrorMessage": null,
  "customer": {
    "dateOfBirth": null,
    "email": "",
    "firstName": "Joe",
    "lastName": "Bloggs",
    "mobileNumber": "+447111111111",
  },
  "dineIn": {
    "tableIdentifier": "",
  },
  "errors": [],
  "features": {},
  "geolocation": {
    "latitude": 51.5165,
    "longitude": 0.1033,
  },
  "hasAsapSelected": false,
  "id": "12345",
  "isFulfillable": true,
  "isGuestCreated": false,
  "isLoggedIn": false,
  "messages": [
    {
      "message": {
        "text": "Please hurry, the restaurant is closing soon",
      },
      "type": "warning",
    },
    {
      "message": {
        "text": "We’re sorry, some items in your basket are no longer available",
      },
      "type": "information",
    },
  ],
  "notes": {},
  "notesConfiguration": {},
  "notices": [
    {
      "notice": {
        "text": "If you have a food allergy or intolerance (or someone you’re ordering for has), <a href="https://greggs.co.uk/nutrition" data-test-id="allergen-url-link" target="_blank" rel="noopener">read what this restaurant has to say about allergies</a> before placing your order. Do not order if you cannot get the allergy information you need.",
      },
      "type": "allergy",
    },
  ],
  "orderId": "",
  "restaurant": {
    "id": "",
    "seoName": "",
  },
  "serviceType": "delivery",
  "time": {
    "from": "",
    "to": "",
  },
}
`;
