// Jest Snapshot v1, https://goo.gl/fbAQLP

exports[`Button template ::  component ::  \`aria-live\` ::  should be set using the \`getAriaLive\` computed property 1`] = `"ariaLiveTest"`;
