// Jest Snapshot v1, https://goo.gl/fbAQLP

exports[`Alert icon should show the danger icon for type %s 1`] = `"ALERTCIRCLESMALLICON-STUB"`;

exports[`Alert icon should show the info icon for type %s 1`] = `"INFOCIRCLEOUTLINESMALLICON-STUB"`;

exports[`Alert icon should show the success icon for type %s 1`] = `"CHECKCIRCLEOUTLINESMALLICON-STUB"`;

exports[`Alert icon should show the warning icon for type %s 1`] = `"ALERTTRIANGLESMALLICON-STUB"`;
