// Jest Snapshot v1, https://goo.gl/fbAQLP

exports[`fozzie-utilities CSS files compiles the expected CSS file 1`] = `
".u-ir {
  background-color: transparent;
  background-repeat: no-repeat;
  border: 0;
  direction: ltr;
  display: block;
  overflow: hidden;
  text-align: left;
  text-indent: -999em;
}
.u-ir br {
  display: none;
}

.u-elementFocus {
  outline: 2px solid #4996fd;
}

.u-unstyled {
  margin-top: 0;
  margin-left: 0;
  padding: 0;
  list-style: none;
  list-style-image: none;
}
.u-unstyled > li {
  margin-bottom: 0;
}
.u-unstyled > li:before {
  content: none;
}

.u-hideText {
  text-indent: 110%;
  white-space: nowrap;
  overflow: hidden;
}

.u-bordered {
  border: 1px solid #dbd9d7;
  padding: 24px;
  border-radius: 4px;
}

.u-elementFocus--boxShadow {
  outline: none;
  box-shadow: 0 0 0 2px #4996fd;
}

.u-focusShadow:focus,
.u-focusShadow-content:focus {
  outline: none;
}

.u-focusShadow:focus > .u-focusShadow-content {
  box-shadow: 0 0 2px 2px #4996fd;
}

/**
* Utilities
* ===================================
* Non-semantic helper classes
*/
.u-clearfix:after {
  content: " ";
  display: table;
  clear: both;
}

.u-lightenBg {
  background-color: #fff;
}

.u-noBorder {
  border: none !important;
}

@media (min-width: 48.001em) {
  .u-bordered--mid {
    border: 1px solid #dbd9d7;
    padding: 24px;
    border-radius: 4px;
  }
}

.is-hidden,
.no-js .is-hidden--noJS {
  display: none !important;
  visibility: hidden !important;
}

.is-shown,
.no-js .is-shown--noJS {
  display: block !important;
  visibility: visible !important;
}

.is-visuallyHidden {
  border: 0;
  clip: rect(0 0 0 0);
  height: 1px;
  margin: -1px;
  overflow: hidden;
  padding: 0;
  position: absolute;
  width: 1px;
}
.is-visuallyHidden.focusable:active, .is-visuallyHidden.focusable:focus {
  clip: auto;
  height: auto;
  margin: 0;
  overflow: visible;
  position: static;
  width: auto;
}

.is-invisible {
  visibility: hidden;
}

.u-pointer {
  cursor: pointer;
}

.is-sticky {
  width: 100%;
  z-index: 100;
  position: fixed;
  transition: top 0.2s ease;
}

.u-sticky {
  position: -webkit-sticky !important;
  position: sticky !important;
  top: 16px;
}

.u-absolutelyCentered {
  position: absolute;
  top: 50%;
  right: 50%;
  transform: translate(50%, -50%);
}

.u-noWrap {
  white-space: nowrap;
}

.u-uppercase {
  text-transform: uppercase;
}

.u-textPad {
  padding-left: 32px !important;
}

.u-text-truncate {
  white-space: nowrap;
  overflow: hidden;
  text-overflow: ellipsis;
}

.u-noUnderline {
  text-decoration: none;
}
.u-noUnderline:hover, .u-noUnderline:active, .u-noUnderline:focus {
  text-decoration: underline;
}

.u-text-centre,
.u-text-center {
  text-align: center;
}

.u-text-left {
  text-align: left;
}

.u-text-right {
  text-align: right;
}

.u-text-highlight {
  color: #d50525;
}
em.u-text-highlight {
  font-style: normal;
}

.u-text-indent {
  margin-left: 16px;
}

.u-color-text {
  color: #242e30;
}

.u-color-link {
  color: #242e30;
}

.u-color-secondary {
  color: #125fca;
}

.u-color-text--hint {
  color: #3c4c4f;
}

.u-color-text--success {
  color: #017a39;
}

.u-color-text--danger {
  color: #d50525;
}

.u-color-text--warning {
  color: #242e30;
}

.u-noSpacing {
  margin: 0 !important;
}

.u-spacingTop {
  margin-top: 8px !important;
}

.u-spacingTop--small {
  margin-top: 4px !important;
}

.u-spacingTop--large {
  margin-top: 16px !important;
}

.u-spacingRight {
  margin-right: 8px !important;
}

.u-spacingBottom {
  margin-bottom: 8px !important;
}

.u-spacingBottom--large {
  margin-bottom: 16px !important;
}

@media (min-width: 48em) {
  .u-spacingBottom--large--aboveMid {
    margin-bottom: 16px;
  }
}

.u-spacingLeft {
  margin-left: 8px !important;
}

.u-noPad {
  padding: 0 !important;
}

.u-padTop {
  padding-top: 8px !important;
}

.u-padTop--large {
  padding-top: 16px !important;
}

@media (min-width: 48em) {
  .u-padTop--large--aboveMid {
    padding-top: 16px !important;
  }
}

.u-overlay {
  background-color: rgba(0, 0, 0, 0.5);
  bottom: 0;
  left: 0;
  position: fixed;
  right: 0;
  top: 0;
}

.u-overlay--after:after {
  background-color: rgba(0, 0, 0, 0.5);
  bottom: 0;
  content: "";
  left: 0;
  position: fixed;
  right: 0;
  top: 0;
  z-index: 1;
}

.u-preventScroll {
  overflow: hidden;
}

[data-lazy-image-src] {
  display: block;
}
.no-js [data-lazy-image-src] {
  display: none;
}

/* Custom outline styling for elements that have a focus state */
/* Custom visual outline emulation for better appearance on elements with rounded corners */
/*
* Clever hack to have focus on an element but only when keyboard focused (not click)
* https://stackoverflow.com/questions/31402576/enable-focus-only-on-keyboard-use-or-tab-press
*/
.u-shadowBottom--belowMid {
  padding-bottom: 56px;
}
@media (max-width: 47.999em) {
  .u-shadowBottom--belowMid:after {
    background-color: #f5f3f1;
    border: 0;
    box-shadow: inset 0 2px 4px 0 rgba(0, 0, 0, 0.1);
    content: "";
    display: block;
    height: 56px;
    left: -8px;
    position: absolute;
    width: 100vw;
  }
}

.u-noBackground {
  background: none !important;
}

.u-hover--cursor:hover {
  cursor: pointer !important;
}

/**
* Spacing Trumps
* ===================================
*
* These can be helpful in situations where you need to apply some spacing and do not wish to create a new class name for an element.
* The classes generated include spacing for each of our spacing variables in all directions (left.right, top, bottom), including horizontal & vertical, for both padding & margin.
*
* The format of the generated classes is \`.u-{name}--{modifier}\`, modifier is an optional parameter.
*
* eg. a subset of the generated classes
*
* .u-spacing { margin: 8px; }
* .u-spacing--top { margin-top: 8px; }
* .u-spacing-a--top { margin-top: 4px; }
* .u-spacing-b--top { margin-top: 8px; }
*
* .u-pad { padding: 8px; }
* .u-pad--top { padding-top: 8px; }
* .u-pad-a--top { padding-top: 4px; }
* .u-pad-b--top { padding-top: 8px; }
*
* This is an optional component within Fozzie.
* If you'd like to use it in your project you can include it by adding \`@include trumps-spacing();\` into your SCSS dependencies file.
*/
.u-spacing {
  margin: 8px !important;
}

.u-spacing-a {
  margin: 4px !important;
}

.u-spacing-b {
  margin: 8px !important;
}

.u-spacing-c {
  margin: 12px !important;
}

.u-spacing-d {
  margin: 16px !important;
}

.u-spacing-e {
  margin: 24px !important;
}

.u-spacing-f {
  margin: 32px !important;
}

.u-spacing-g {
  margin: 40px !important;
}

.u-spacing-h {
  margin: 56px !important;
}

.u-spacing-i {
  margin: 64px !important;
}

.u-spacing-j {
  margin: 80px !important;
}

.u-spacing--top {
  margin-top: 8px !important;
}

.u-spacing-a--top {
  margin-top: 4px !important;
}

.u-spacing-b--top {
  margin-top: 8px !important;
}

.u-spacing-c--top {
  margin-top: 12px !important;
}

.u-spacing-d--top {
  margin-top: 16px !important;
}

.u-spacing-e--top {
  margin-top: 24px !important;
}

.u-spacing-f--top {
  margin-top: 32px !important;
}

.u-spacing-g--top {
  margin-top: 40px !important;
}

.u-spacing-h--top {
  margin-top: 56px !important;
}

.u-spacing-i--top {
  margin-top: 64px !important;
}

.u-spacing-j--top {
  margin-top: 80px !important;
}

.u-spacing--bottom {
  margin-bottom: 8px !important;
}

.u-spacing-a--bottom {
  margin-bottom: 4px !important;
}

.u-spacing-b--bottom {
  margin-bottom: 8px !important;
}

.u-spacing-c--bottom {
  margin-bottom: 12px !important;
}

.u-spacing-d--bottom {
  margin-bottom: 16px !important;
}

.u-spacing-e--bottom {
  margin-bottom: 24px !important;
}

.u-spacing-f--bottom {
  margin-bottom: 32px !important;
}

.u-spacing-g--bottom {
  margin-bottom: 40px !important;
}

.u-spacing-h--bottom {
  margin-bottom: 56px !important;
}

.u-spacing-i--bottom {
  margin-bottom: 64px !important;
}

.u-spacing-j--bottom {
  margin-bottom: 80px !important;
}

.u-spacing--left {
  margin-left: 8px !important;
}

.u-spacing-a--left {
  margin-left: 4px !important;
}

.u-spacing-b--left {
  margin-left: 8px !important;
}

.u-spacing-c--left {
  margin-left: 12px !important;
}

.u-spacing-d--left {
  margin-left: 16px !important;
}

.u-spacing-e--left {
  margin-left: 24px !important;
}

.u-spacing-f--left {
  margin-left: 32px !important;
}

.u-spacing-g--left {
  margin-left: 40px !important;
}

.u-spacing-h--left {
  margin-left: 56px !important;
}

.u-spacing-i--left {
  margin-left: 64px !important;
}

.u-spacing-j--left {
  margin-left: 80px !important;
}

.u-spacing--right {
  margin-right: 8px !important;
}

.u-spacing-a--right {
  margin-right: 4px !important;
}

.u-spacing-b--right {
  margin-right: 8px !important;
}

.u-spacing-c--right {
  margin-right: 12px !important;
}

.u-spacing-d--right {
  margin-right: 16px !important;
}

.u-spacing-e--right {
  margin-right: 24px !important;
}

.u-spacing-f--right {
  margin-right: 32px !important;
}

.u-spacing-g--right {
  margin-right: 40px !important;
}

.u-spacing-h--right {
  margin-right: 56px !important;
}

.u-spacing-i--right {
  margin-right: 64px !important;
}

.u-spacing-j--right {
  margin-right: 80px !important;
}

.u-spacing--horizontal {
  margin-left: 8px !important;
  margin-right: 8px !important;
}

.u-spacing-a--horizontal {
  margin-left: 4px !important;
  margin-right: 4px !important;
}

.u-spacing-b--horizontal {
  margin-left: 8px !important;
  margin-right: 8px !important;
}

.u-spacing-c--horizontal {
  margin-left: 12px !important;
  margin-right: 12px !important;
}

.u-spacing-d--horizontal {
  margin-left: 16px !important;
  margin-right: 16px !important;
}

.u-spacing-e--horizontal {
  margin-left: 24px !important;
  margin-right: 24px !important;
}

.u-spacing-f--horizontal {
  margin-left: 32px !important;
  margin-right: 32px !important;
}

.u-spacing-g--horizontal {
  margin-left: 40px !important;
  margin-right: 40px !important;
}

.u-spacing-h--horizontal {
  margin-left: 56px !important;
  margin-right: 56px !important;
}

.u-spacing-i--horizontal {
  margin-left: 64px !important;
  margin-right: 64px !important;
}

.u-spacing-j--horizontal {
  margin-left: 80px !important;
  margin-right: 80px !important;
}

.u-spacing--vertical {
  margin-bottom: 8px !important;
  margin-top: 8px !important;
}

.u-spacing-a--vertical {
  margin-bottom: 4px !important;
  margin-top: 4px !important;
}

.u-spacing-b--vertical {
  margin-bottom: 8px !important;
  margin-top: 8px !important;
}

.u-spacing-c--vertical {
  margin-bottom: 12px !important;
  margin-top: 12px !important;
}

.u-spacing-d--vertical {
  margin-bottom: 16px !important;
  margin-top: 16px !important;
}

.u-spacing-e--vertical {
  margin-bottom: 24px !important;
  margin-top: 24px !important;
}

.u-spacing-f--vertical {
  margin-bottom: 32px !important;
  margin-top: 32px !important;
}

.u-spacing-g--vertical {
  margin-bottom: 40px !important;
  margin-top: 40px !important;
}

.u-spacing-h--vertical {
  margin-bottom: 56px !important;
  margin-top: 56px !important;
}

.u-spacing-i--vertical {
  margin-bottom: 64px !important;
  margin-top: 64px !important;
}

.u-spacing-j--vertical {
  margin-bottom: 80px !important;
  margin-top: 80px !important;
}

.u-pad {
  padding: 8px !important;
}

.u-pad-a {
  padding: 4px !important;
}

.u-pad-b {
  padding: 8px !important;
}

.u-pad-c {
  padding: 12px !important;
}

.u-pad-d {
  padding: 16px !important;
}

.u-pad-e {
  padding: 24px !important;
}

.u-pad-f {
  padding: 32px !important;
}

.u-pad-g {
  padding: 40px !important;
}

.u-pad-h {
  padding: 56px !important;
}

.u-pad-i {
  padding: 64px !important;
}

.u-pad-j {
  padding: 80px !important;
}

.u-pad--top {
  padding-top: 8px !important;
}

.u-pad-a--top {
  padding-top: 4px !important;
}

.u-pad-b--top {
  padding-top: 8px !important;
}

.u-pad-c--top {
  padding-top: 12px !important;
}

.u-pad-d--top {
  padding-top: 16px !important;
}

.u-pad-e--top {
  padding-top: 24px !important;
}

.u-pad-f--top {
  padding-top: 32px !important;
}

.u-pad-g--top {
  padding-top: 40px !important;
}

.u-pad-h--top {
  padding-top: 56px !important;
}

.u-pad-i--top {
  padding-top: 64px !important;
}

.u-pad-j--top {
  padding-top: 80px !important;
}

.u-pad--bottom {
  padding-bottom: 8px !important;
}

.u-pad-a--bottom {
  padding-bottom: 4px !important;
}

.u-pad-b--bottom {
  padding-bottom: 8px !important;
}

.u-pad-c--bottom {
  padding-bottom: 12px !important;
}

.u-pad-d--bottom {
  padding-bottom: 16px !important;
}

.u-pad-e--bottom {
  padding-bottom: 24px !important;
}

.u-pad-f--bottom {
  padding-bottom: 32px !important;
}

.u-pad-g--bottom {
  padding-bottom: 40px !important;
}

.u-pad-h--bottom {
  padding-bottom: 56px !important;
}

.u-pad-i--bottom {
  padding-bottom: 64px !important;
}

.u-pad-j--bottom {
  padding-bottom: 80px !important;
}

.u-pad--left {
  padding-left: 8px !important;
}

.u-pad-a--left {
  padding-left: 4px !important;
}

.u-pad-b--left {
  padding-left: 8px !important;
}

.u-pad-c--left {
  padding-left: 12px !important;
}

.u-pad-d--left {
  padding-left: 16px !important;
}

.u-pad-e--left {
  padding-left: 24px !important;
}

.u-pad-f--left {
  padding-left: 32px !important;
}

.u-pad-g--left {
  padding-left: 40px !important;
}

.u-pad-h--left {
  padding-left: 56px !important;
}

.u-pad-i--left {
  padding-left: 64px !important;
}

.u-pad-j--left {
  padding-left: 80px !important;
}

.u-pad--right {
  padding-right: 8px !important;
}

.u-pad-a--right {
  padding-right: 4px !important;
}

.u-pad-b--right {
  padding-right: 8px !important;
}

.u-pad-c--right {
  padding-right: 12px !important;
}

.u-pad-d--right {
  padding-right: 16px !important;
}

.u-pad-e--right {
  padding-right: 24px !important;
}

.u-pad-f--right {
  padding-right: 32px !important;
}

.u-pad-g--right {
  padding-right: 40px !important;
}

.u-pad-h--right {
  padding-right: 56px !important;
}

.u-pad-i--right {
  padding-right: 64px !important;
}

.u-pad-j--right {
  padding-right: 80px !important;
}

.u-pad--horizontal {
  padding-left: 8px !important;
  padding-right: 8px !important;
}

.u-pad-a--horizontal {
  padding-left: 4px !important;
  padding-right: 4px !important;
}

.u-pad-b--horizontal {
  padding-left: 8px !important;
  padding-right: 8px !important;
}

.u-pad-c--horizontal {
  padding-left: 12px !important;
  padding-right: 12px !important;
}

.u-pad-d--horizontal {
  padding-left: 16px !important;
  padding-right: 16px !important;
}

.u-pad-e--horizontal {
  padding-left: 24px !important;
  padding-right: 24px !important;
}

.u-pad-f--horizontal {
  padding-left: 32px !important;
  padding-right: 32px !important;
}

.u-pad-g--horizontal {
  padding-left: 40px !important;
  padding-right: 40px !important;
}

.u-pad-h--horizontal {
  padding-left: 56px !important;
  padding-right: 56px !important;
}

.u-pad-i--horizontal {
  padding-left: 64px !important;
  padding-right: 64px !important;
}

.u-pad-j--horizontal {
  padding-left: 80px !important;
  padding-right: 80px !important;
}

.u-pad--vertical {
  padding-bottom: 8px !important;
  padding-top: 8px !important;
}

.u-pad-a--vertical {
  padding-bottom: 4px !important;
  padding-top: 4px !important;
}

.u-pad-b--vertical {
  padding-bottom: 8px !important;
  padding-top: 8px !important;
}

.u-pad-c--vertical {
  padding-bottom: 12px !important;
  padding-top: 12px !important;
}

.u-pad-d--vertical {
  padding-bottom: 16px !important;
  padding-top: 16px !important;
}

.u-pad-e--vertical {
  padding-bottom: 24px !important;
  padding-top: 24px !important;
}

.u-pad-f--vertical {
  padding-bottom: 32px !important;
  padding-top: 32px !important;
}

.u-pad-g--vertical {
  padding-bottom: 40px !important;
  padding-top: 40px !important;
}

.u-pad-h--vertical {
  padding-bottom: 56px !important;
  padding-top: 56px !important;
}

.u-pad-i--vertical {
  padding-bottom: 64px !important;
  padding-top: 64px !important;
}

.u-pad-j--vertical {
  padding-bottom: 80px !important;
  padding-top: 80px !important;
}

/**
* Responsive Trumps
* ===================================
*/
@media (min-width: 25.875em) {
  .u-showBelowNarrow {
    display: none !important;
  }
}

@media (min-width: 48em) {
  .u-showBelowMid {
    display: none !important;
  }
}

@media (min-width: 64.0625em) {
  .u-showBelowWide {
    display: none !important;
  }
}

@media (min-width: 80em) {
  .u-showBelowHuge {
    display: none !important;
  }
}

@media (max-width: 25.875em) {
  .u-showAboveNarrow {
    display: none !important;
  }
}

@media (max-width: 23.4375em) {
  .u-showAboveTiny {
    display: none !important;
  }
}

@media (max-width: 47.999em) {
  .u-showAboveMid,
.no-js .u-showAboveMid--noJS {
    display: none !important;
  }
}

@media (max-width: 64.0615em) {
  .u-showAboveWide {
    display: none !important;
  }
}

@media (max-width: 79.999em) {
  .u-showAboveHuge {
    display: none !important;
  }
}

/*# sourceMappingURL=fozzie-utilities.css.map */"
`;

exports[`fozzie-utilities CSS files compiles the expected minified CSS file 1`] = `".u-ir{background-color:transparent;background-repeat:no-repeat;border:0;direction:ltr;display:block;overflow:hidden;text-align:left;text-indent:-999em}.u-ir br{display:none}.u-elementFocus{outline:2px solid #4996fd}.u-unstyled{list-style:none;list-style-image:none;margin-left:0;margin-top:0;padding:0}.u-unstyled>li{margin-bottom:0}.u-unstyled>li:before{content:none}.u-hideText{overflow:hidden;text-indent:110%;white-space:nowrap}.u-bordered{border:1px solid #dbd9d7;border-radius:4px;padding:24px}.u-elementFocus--boxShadow{box-shadow:0 0 0 2px #4996fd;outline:none}.u-focusShadow-content:focus,.u-focusShadow:focus{outline:none}.u-focusShadow:focus>.u-focusShadow-content{box-shadow:0 0 2px 2px #4996fd}.u-clearfix:after{clear:both;content:" ";display:table}.u-lightenBg{background-color:#fff}.u-noBorder{border:none!important}@media (min-width:48.001em){.u-bordered--mid{border:1px solid #dbd9d7;border-radius:4px;padding:24px}}.is-hidden,.no-js .is-hidden--noJS{display:none!important;visibility:hidden!important}.is-shown,.no-js .is-shown--noJS{display:block!important;visibility:visible!important}.is-visuallyHidden{clip:rect(0 0 0 0);border:0;height:1px;margin:-1px;overflow:hidden;padding:0;position:absolute;width:1px}.is-visuallyHidden.focusable:active,.is-visuallyHidden.focusable:focus{clip:auto;height:auto;margin:0;overflow:visible;position:static;width:auto}.is-invisible{visibility:hidden}.u-pointer{cursor:pointer}.is-sticky{position:fixed;transition:top .2s ease;width:100%;z-index:100}.u-sticky{position:-webkit-sticky!important;position:sticky!important;top:16px}.u-absolutelyCentered{position:absolute;right:50%;top:50%;transform:translate(50%,-50%)}.u-noWrap{white-space:nowrap}.u-uppercase{text-transform:uppercase}.u-textPad{padding-left:32px!important}.u-text-truncate{overflow:hidden;text-overflow:ellipsis;white-space:nowrap}.u-noUnderline{text-decoration:none}.u-noUnderline:active,.u-noUnderline:focus,.u-noUnderline:hover{text-decoration:underline}.u-text-center,.u-text-centre{text-align:center}.u-text-left{text-align:left}.u-text-right{text-align:right}.u-text-highlight{color:#d50525}em.u-text-highlight{font-style:normal}.u-text-indent{margin-left:16px}.u-color-link,.u-color-text{color:#242e30}.u-color-secondary{color:#125fca}.u-color-text--hint{color:#3c4c4f}.u-color-text--success{color:#017a39}.u-color-text--danger{color:#d50525}.u-color-text--warning{color:#242e30}.u-noSpacing{margin:0!important}.u-spacingTop{margin-top:8px!important}.u-spacingTop--small{margin-top:4px!important}.u-spacingTop--large{margin-top:16px!important}.u-spacingRight{margin-right:8px!important}.u-spacingBottom{margin-bottom:8px!important}.u-spacingBottom--large{margin-bottom:16px!important}@media (min-width:48em){.u-spacingBottom--large--aboveMid{margin-bottom:16px}}.u-spacingLeft{margin-left:8px!important}.u-noPad{padding:0!important}.u-padTop{padding-top:8px!important}.u-padTop--large{padding-top:16px!important}@media (min-width:48em){.u-padTop--large--aboveMid{padding-top:16px!important}}.u-overlay{background-color:rgba(0,0,0,.5);bottom:0;left:0;position:fixed;right:0;top:0}.u-overlay--after:after{background-color:rgba(0,0,0,.5);bottom:0;content:"";left:0;position:fixed;right:0;top:0;z-index:1}.u-preventScroll{overflow:hidden}[data-lazy-image-src]{display:block}.no-js [data-lazy-image-src]{display:none}.u-shadowBottom--belowMid{padding-bottom:56px}@media (max-width:47.999em){.u-shadowBottom--belowMid:after{background-color:#f5f3f1;border:0;box-shadow:inset 0 2px 4px 0 rgba(0,0,0,.1);content:"";display:block;height:56px;left:-8px;position:absolute;width:100vw}}.u-noBackground{background:none!important}.u-hover--cursor:hover{cursor:pointer!important}.u-spacing{margin:8px!important}.u-spacing-a{margin:4px!important}.u-spacing-b{margin:8px!important}.u-spacing-c{margin:12px!important}.u-spacing-d{margin:16px!important}.u-spacing-e{margin:24px!important}.u-spacing-f{margin:32px!important}.u-spacing-g{margin:40px!important}.u-spacing-h{margin:56px!important}.u-spacing-i{margin:64px!important}.u-spacing-j{margin:80px!important}.u-spacing--top{margin-top:8px!important}.u-spacing-a--top{margin-top:4px!important}.u-spacing-b--top{margin-top:8px!important}.u-spacing-c--top{margin-top:12px!important}.u-spacing-d--top{margin-top:16px!important}.u-spacing-e--top{margin-top:24px!important}.u-spacing-f--top{margin-top:32px!important}.u-spacing-g--top{margin-top:40px!important}.u-spacing-h--top{margin-top:56px!important}.u-spacing-i--top{margin-top:64px!important}.u-spacing-j--top{margin-top:80px!important}.u-spacing--bottom{margin-bottom:8px!important}.u-spacing-a--bottom{margin-bottom:4px!important}.u-spacing-b--bottom{margin-bottom:8px!important}.u-spacing-c--bottom{margin-bottom:12px!important}.u-spacing-d--bottom{margin-bottom:16px!important}.u-spacing-e--bottom{margin-bottom:24px!important}.u-spacing-f--bottom{margin-bottom:32px!important}.u-spacing-g--bottom{margin-bottom:40px!important}.u-spacing-h--bottom{margin-bottom:56px!important}.u-spacing-i--bottom{margin-bottom:64px!important}.u-spacing-j--bottom{margin-bottom:80px!important}.u-spacing--left{margin-left:8px!important}.u-spacing-a--left{margin-left:4px!important}.u-spacing-b--left{margin-left:8px!important}.u-spacing-c--left{margin-left:12px!important}.u-spacing-d--left{margin-left:16px!important}.u-spacing-e--left{margin-left:24px!important}.u-spacing-f--left{margin-left:32px!important}.u-spacing-g--left{margin-left:40px!important}.u-spacing-h--left{margin-left:56px!important}.u-spacing-i--left{margin-left:64px!important}.u-spacing-j--left{margin-left:80px!important}.u-spacing--right{margin-right:8px!important}.u-spacing-a--right{margin-right:4px!important}.u-spacing-b--right{margin-right:8px!important}.u-spacing-c--right{margin-right:12px!important}.u-spacing-d--right{margin-right:16px!important}.u-spacing-e--right{margin-right:24px!important}.u-spacing-f--right{margin-right:32px!important}.u-spacing-g--right{margin-right:40px!important}.u-spacing-h--right{margin-right:56px!important}.u-spacing-i--right{margin-right:64px!important}.u-spacing-j--right{margin-right:80px!important}.u-spacing--horizontal{margin-left:8px!important;margin-right:8px!important}.u-spacing-a--horizontal{margin-left:4px!important;margin-right:4px!important}.u-spacing-b--horizontal{margin-left:8px!important;margin-right:8px!important}.u-spacing-c--horizontal{margin-left:12px!important;margin-right:12px!important}.u-spacing-d--horizontal{margin-left:16px!important;margin-right:16px!important}.u-spacing-e--horizontal{margin-left:24px!important;margin-right:24px!important}.u-spacing-f--horizontal{margin-left:32px!important;margin-right:32px!important}.u-spacing-g--horizontal{margin-left:40px!important;margin-right:40px!important}.u-spacing-h--horizontal{margin-left:56px!important;margin-right:56px!important}.u-spacing-i--horizontal{margin-left:64px!important;margin-right:64px!important}.u-spacing-j--horizontal{margin-left:80px!important;margin-right:80px!important}.u-spacing--vertical{margin-bottom:8px!important;margin-top:8px!important}.u-spacing-a--vertical{margin-bottom:4px!important;margin-top:4px!important}.u-spacing-b--vertical{margin-bottom:8px!important;margin-top:8px!important}.u-spacing-c--vertical{margin-bottom:12px!important;margin-top:12px!important}.u-spacing-d--vertical{margin-bottom:16px!important;margin-top:16px!important}.u-spacing-e--vertical{margin-bottom:24px!important;margin-top:24px!important}.u-spacing-f--vertical{margin-bottom:32px!important;margin-top:32px!important}.u-spacing-g--vertical{margin-bottom:40px!important;margin-top:40px!important}.u-spacing-h--vertical{margin-bottom:56px!important;margin-top:56px!important}.u-spacing-i--vertical{margin-bottom:64px!important;margin-top:64px!important}.u-spacing-j--vertical{margin-bottom:80px!important;margin-top:80px!important}.u-pad{padding:8px!important}.u-pad-a{padding:4px!important}.u-pad-b{padding:8px!important}.u-pad-c{padding:12px!important}.u-pad-d{padding:16px!important}.u-pad-e{padding:24px!important}.u-pad-f{padding:32px!important}.u-pad-g{padding:40px!important}.u-pad-h{padding:56px!important}.u-pad-i{padding:64px!important}.u-pad-j{padding:80px!important}.u-pad--top{padding-top:8px!important}.u-pad-a--top{padding-top:4px!important}.u-pad-b--top{padding-top:8px!important}.u-pad-c--top{padding-top:12px!important}.u-pad-d--top{padding-top:16px!important}.u-pad-e--top{padding-top:24px!important}.u-pad-f--top{padding-top:32px!important}.u-pad-g--top{padding-top:40px!important}.u-pad-h--top{padding-top:56px!important}.u-pad-i--top{padding-top:64px!important}.u-pad-j--top{padding-top:80px!important}.u-pad--bottom{padding-bottom:8px!important}.u-pad-a--bottom{padding-bottom:4px!important}.u-pad-b--bottom{padding-bottom:8px!important}.u-pad-c--bottom{padding-bottom:12px!important}.u-pad-d--bottom{padding-bottom:16px!important}.u-pad-e--bottom{padding-bottom:24px!important}.u-pad-f--bottom{padding-bottom:32px!important}.u-pad-g--bottom{padding-bottom:40px!important}.u-pad-h--bottom{padding-bottom:56px!important}.u-pad-i--bottom{padding-bottom:64px!important}.u-pad-j--bottom{padding-bottom:80px!important}.u-pad--left{padding-left:8px!important}.u-pad-a--left{padding-left:4px!important}.u-pad-b--left{padding-left:8px!important}.u-pad-c--left{padding-left:12px!important}.u-pad-d--left{padding-left:16px!important}.u-pad-e--left{padding-left:24px!important}.u-pad-f--left{padding-left:32px!important}.u-pad-g--left{padding-left:40px!important}.u-pad-h--left{padding-left:56px!important}.u-pad-i--left{padding-left:64px!important}.u-pad-j--left{padding-left:80px!important}.u-pad--right{padding-right:8px!important}.u-pad-a--right{padding-right:4px!important}.u-pad-b--right{padding-right:8px!important}.u-pad-c--right{padding-right:12px!important}.u-pad-d--right{padding-right:16px!important}.u-pad-e--right{padding-right:24px!important}.u-pad-f--right{padding-right:32px!important}.u-pad-g--right{padding-right:40px!important}.u-pad-h--right{padding-right:56px!important}.u-pad-i--right{padding-right:64px!important}.u-pad-j--right{padding-right:80px!important}.u-pad--horizontal{padding-left:8px!important;padding-right:8px!important}.u-pad-a--horizontal{padding-left:4px!important;padding-right:4px!important}.u-pad-b--horizontal{padding-left:8px!important;padding-right:8px!important}.u-pad-c--horizontal{padding-left:12px!important;padding-right:12px!important}.u-pad-d--horizontal{padding-left:16px!important;padding-right:16px!important}.u-pad-e--horizontal{padding-left:24px!important;padding-right:24px!important}.u-pad-f--horizontal{padding-left:32px!important;padding-right:32px!important}.u-pad-g--horizontal{padding-left:40px!important;padding-right:40px!important}.u-pad-h--horizontal{padding-left:56px!important;padding-right:56px!important}.u-pad-i--horizontal{padding-left:64px!important;padding-right:64px!important}.u-pad-j--horizontal{padding-left:80px!important;padding-right:80px!important}.u-pad--vertical{padding-bottom:8px!important;padding-top:8px!important}.u-pad-a--vertical{padding-bottom:4px!important;padding-top:4px!important}.u-pad-b--vertical{padding-bottom:8px!important;padding-top:8px!important}.u-pad-c--vertical{padding-bottom:12px!important;padding-top:12px!important}.u-pad-d--vertical{padding-bottom:16px!important;padding-top:16px!important}.u-pad-e--vertical{padding-bottom:24px!important;padding-top:24px!important}.u-pad-f--vertical{padding-bottom:32px!important;padding-top:32px!important}.u-pad-g--vertical{padding-bottom:40px!important;padding-top:40px!important}.u-pad-h--vertical{padding-bottom:56px!important;padding-top:56px!important}.u-pad-i--vertical{padding-bottom:64px!important;padding-top:64px!important}.u-pad-j--vertical{padding-bottom:80px!important;padding-top:80px!important}@media (min-width:25.875em){.u-showBelowNarrow{display:none!important}}@media (min-width:48em){.u-showBelowMid{display:none!important}}@media (min-width:64.0625em){.u-showBelowWide{display:none!important}}@media (min-width:80em){.u-showBelowHuge{display:none!important}}@media (max-width:25.875em){.u-showAboveNarrow{display:none!important}}@media (max-width:23.4375em){.u-showAboveTiny{display:none!important}}@media (max-width:47.999em){.no-js .u-showAboveMid--noJS,.u-showAboveMid{display:none!important}}@media (max-width:64.0615em){.u-showAboveWide{display:none!important}}@media (max-width:79.999em){.u-showAboveHuge{display:none!important}}"`;

exports[`fozzie-utilities sourcemap file compiles the expected sourcemap file 1`] = `"{"version":3,"sources":["../../src/scss/trumps/_utilities.scss","fozzie-utilities.css","../../src/scss/tools/mixins/_border.scss","../../node_modules/@justeat/pie-design-tokens/dist/jet.scss","../../node_modules/include-media/dist/_include-media.scss","../../src/scss/tools/mixins/_truncate.scss","../../src/scss/trumps/_spacing.scss","../../src/scss/tools/mixins/_utilities.scss","../../src/scss/trumps/_rwd.scss"],"names":[],"mappings":"AASA;EACI,6BAAA;EACA,4BAAA;EACA,SAAA;EACA,cAAA;EACA,cAAA;EACA,gBAAA;EACA,gBAAA;EACA,mBAAA;ACRJ;ADUI;EACI,aAAA;ACRR;;ADYA;EACI,0BAAA;ACTJ;;ADYA;EACI,aAAA;EACA,cAAA;EACA,UAAA;EACA,gBAAA;EACA,sBAAA;ACTJ;ADWI;EACI,gBAAA;ACTR;ADWQ;EACI,aAAA;ACTZ;;ADcA;EACI,iBAAA;EACA,mBAAA;EACA,gBAAA;ACXJ;;ADcA;EE/BI,yBAAA;EACA,aAFoE;EAGpE,kBC0VQ;AFrUZ;;ADYA;EACI,aAAA;EACA,6BAAA;ACTJ;;ADYA;;EACI,aAAA;ACRJ;;ADWA;EACI,+BAAA;ACRJ;;ADYI;;;;CAAA;AAWI;EACI,YAAA;EACA,cAAA;EACA,WAAA;ACfZ;;ADsBI;EACI,sBG9CM;AF2Bd;;ADyBI;EACI,uBAAA;ACtBR;;AG4fI;EJ/dA;IErFA,yBAAA;IACA,aAFoE;IAGpE,kBC0VQ;EF7RV;AACF;;AD+BI;;EAEI,wBAAA;EACA,6BAAA;AC5BR;;AD+BI;;EAEI,yBAAA;EACA,8BAAA;AC5BR;;ADgCI;EACI,SAAA;EACA,mBAAA;EACA,WAAA;EACA,YAAA;EACA,gBAAA;EACA,UAAA;EACA,kBAAA;EACA,UAAA;AC7BR;ADgCQ;EAEI,UAAA;EACA,YAAA;EACA,SAAA;EACA,iBAAA;EACA,gBAAA;EACA,WAAA;AC/BZ;;ADoCI;EAAgB,kBAAA;AChCpB;;ADkCI;EACI,eAAA;AC/BR;;ADqCI;EACI,WAAA;EACA,YAAA;EACA,eAAA;EACA,yBAAA;AClCR;;ADqCI;EACI,mCAAA;EAAA,2BAAA;EACA,SAAA;AClCR;;ADqCI;EACI,kBAAA;EACA,QAAA;EACA,UAAA;EACA,+BAAA;AClCR;;ADyCI;EACI,mBAAA;ACtCR;;ADyCI;EACI,yBAAA;ACtCR;;ADyCI;EACI,6BAAA;ACtCR;;ADyCI;EKvLA,mBAAA;EACA,gBAAA;EACA,uBAAA;AJkJJ;;ADuCI;EACI,qBAAA;ACpCR;ADsCQ;EAGI,0BAAA;ACtCZ;;AD0CI;;EAEI,kBAAA;ACvCR;;AD0CI;EACI,gBAAA;ACvCR;;AD0CI;EACI,iBAAA;ACvCR;;AD0CI;EACI,cG1LI;AFmJZ;ADyCiB;EACL,kBAAA;ACvCZ;;AD2CI;EACI,iBAAA;ACxCR;;ADqDI;EACI,cGxOY;AFsLpB;;ADqDI;EACI,cG5OY;AF0LpB;;ADqDI;EACI,cG1PK;AFwMb;;ADqDI;EACI,cGtPY;AFoMpB;;ADqDI;EACI,cGvPM;AFqMd;;ADqDI;EACI,cGpOI;AFkLZ;;ADqDI;EACI,cGhQY;AF8MpB;;ADwDI;EACI,oBAAA;ACrDR;;ADwDI;EACI,0BAAA;ACrDR;;ADwDQ;EACI,0BAAA;ACrDZ;;ADwDQ;EACI,2BAAA;ACrDZ;;ADwDI;EACI,4BAAA;ACrDR;;ADwDI;EACI,6BAAA;ACrDR;;ADwDQ;EACI,8BAAA;ACrDZ;;AGiVI;EJzRI;IAEQ,mBAAA;ECrDd;AACF;;ADwDI;EACI,2BAAA;ACrDR;;AD2DI;EACI,qBAAA;ACxDR;;AD2DI;EACI,2BAAA;ACxDR;;AD2DQ;EACI,4BAAA;ACxDZ;;AG2TI;EJhQI;IAEQ,4BAAA;ECxDd;AACF;;AD8DI;EACI,oCAAA;EACA,SAAA;EACA,OAAA;EACA,eAAA;EACA,QAAA;EACA,MAAA;AC3DR;;AD+DY;EACI,oCAAA;EACA,SAAA;EACA,WAAA;EACA,OAAA;EACA,eAAA;EACA,QAAA;EACA,MAAA;EACA,UAAA;AC5DhB;;ADgEI;EACI,gBAAA;AC7DR;;ADmEI;EACI,cAAA;AChER;ADkEQ;EACI,aAAA;AChEZ;;ADyFI,gEAAA;AAKA,2FAAA;AAKA;;;CAAA;AAeA;EACI,oBAAA;ACzGR;AG4QI;EJhKQ;IACI,yBGtZM;IHuZN,SAAA;IACA,gDAAA;IACA,WAAA;IACA,cAAA;IACA,YAAA;IACA,UAAA;IACA,kBAAA;IACA,YAAA;ECzGd;AACF;;AD6GI;EACI,2BAAA;AC1GR;;AD8GQ;EACI,0BAAA;AC3GZ;;AK3UI;;;;;;;;;;;;;;;;;;;;;;;CAAA;ACwCI;EDXA,sBAAA;AL0UR;;AM/TQ;EDXA,sBAAA;AL8UR;;AMnUQ;EDXA,sBAAA;ALkVR;;AMvUQ;EDXA,uBAAA;ALsVR;;AM3UQ;EDXA,uBAAA;AL0VR;;AM/UQ;EDXA,uBAAA;AL8VR;;AMnVQ;EDXA,uBAAA;ALkWR;;AMvVQ;EDXA,uBAAA;ALsWR;;AM3VQ;EDXA,uBAAA;AL0WR;;AM/VQ;EDXA,uBAAA;AL8WR;;AMnWQ;EDXA,uBAAA;ALkXR;;AMvWQ;EDPA,0BAAA;ALkXR;;AM3WQ;EDPA,0BAAA;ALsXR;;AM/WQ;EDPA,0BAAA;AL0XR;;AMnXQ;EDPA,2BAAA;AL8XR;;AMvXQ;EDPA,2BAAA;ALkYR;;AM3XQ;EDPA,2BAAA;ALsYR;;AM/XQ;EDPA,2BAAA;AL0YR;;AMnYQ;EDPA,2BAAA;AL8YR;;AMvYQ;EDPA,2BAAA;ALkZR;;AM3YQ;EDPA,2BAAA;ALsZR;;AM/YQ;EDPA,2BAAA;AL0ZR;;AMnZQ;EDHA,6BAAA;AL0ZR;;AMvZQ;EDHA,6BAAA;AL8ZR;;AM3ZQ;EDHA,6BAAA;ALkaR;;AM/ZQ;EDHA,8BAAA;ALsaR;;AMnaQ;EDHA,8BAAA;AL0aR;;AMvaQ;EDHA,8BAAA;AL8aR;;AM3aQ;EDHA,8BAAA;ALkbR;;AM/aQ;EDHA,8BAAA;ALsbR;;AMnbQ;EDHA,8BAAA;AL0bR;;AMvbQ;EDHA,8BAAA;AL8bR;;AM3bQ;EDHA,8BAAA;ALkcR;;AM/bQ;EDCA,2BAAA;ALkcR;;AMncQ;EDCA,2BAAA;ALscR;;AMvcQ;EDCA,2BAAA;AL0cR;;AM3cQ;EDCA,4BAAA;AL8cR;;AM/cQ;EDCA,4BAAA;ALkdR;;AMndQ;EDCA,4BAAA;ALsdR;;AMvdQ;EDCA,4BAAA;AL0dR;;AM3dQ;EDCA,4BAAA;AL8dR;;AM/dQ;EDCA,4BAAA;ALkeR;;AMneQ;EDCA,4BAAA;ALseR;;AMveQ;EDCA,4BAAA;AL0eR;;AM3eQ;EDKA,4BAAA;AL0eR;;AM/eQ;EDKA,4BAAA;AL8eR;;AMnfQ;EDKA,4BAAA;ALkfR;;AMvfQ;EDKA,6BAAA;ALsfR;;AM3fQ;EDKA,6BAAA;AL0fR;;AM/fQ;EDKA,6BAAA;AL8fR;;AMngBQ;EDKA,6BAAA;ALkgBR;;AMvgBQ;EDKA,6BAAA;ALsgBR;;AM3gBQ;EDKA,6BAAA;AL0gBR;;AM/gBQ;EDKA,6BAAA;AL8gBR;;AMnhBQ;EDKA,6BAAA;ALkhBR;;AMvhBQ;EDSA,2BAAA;EACA,4BAAA;ALkhBR;;AM5hBQ;EDSA,2BAAA;EACA,4BAAA;ALuhBR;;AMjiBQ;EDSA,2BAAA;EACA,4BAAA;AL4hBR;;AMtiBQ;EDSA,4BAAA;EACA,6BAAA;ALiiBR;;AM3iBQ;EDSA,4BAAA;EACA,6BAAA;ALsiBR;;AMhjBQ;EDSA,4BAAA;EACA,6BAAA;AL2iBR;;AMrjBQ;EDSA,4BAAA;EACA,6BAAA;ALgjBR;;AM1jBQ;EDSA,4BAAA;EACA,6BAAA;ALqjBR;;AM/jBQ;EDSA,4BAAA;EACA,6BAAA;AL0jBR;;AMpkBQ;EDSA,4BAAA;EACA,6BAAA;AL+jBR;;AMzkBQ;EDSA,4BAAA;EACA,6BAAA;ALokBR;;AM9kBQ;EDcA,6BAAA;EACA,0BAAA;ALokBR;;AMnlBQ;EDcA,6BAAA;EACA,0BAAA;ALykBR;;AMxlBQ;EDcA,6BAAA;EACA,0BAAA;AL8kBR;;AM7lBQ;EDcA,8BAAA;EACA,2BAAA;ALmlBR;;AMlmBQ;EDcA,8BAAA;EACA,2BAAA;ALwlBR;;AMvmBQ;EDcA,8BAAA;EACA,2BAAA;AL6lBR;;AM5mBQ;EDcA,8BAAA;EACA,2BAAA;ALkmBR;;AMjnBQ;EDcA,8BAAA;EACA,2BAAA;ALumBR;;AMtnBQ;EDcA,8BAAA;EACA,2BAAA;AL4mBR;;AM3nBQ;EDcA,8BAAA;EACA,2BAAA;ALinBR;;AMhoBQ;EDcA,8BAAA;EACA,2BAAA;ALsnBR;;AMroBQ;EDsBA,uBAAA;ALmnBR;;AMzoBQ;EDsBA,uBAAA;ALunBR;;AM7oBQ;EDsBA,uBAAA;AL2nBR;;AMjpBQ;EDsBA,wBAAA;AL+nBR;;AMrpBQ;EDsBA,wBAAA;ALmoBR;;AMzpBQ;EDsBA,wBAAA;ALuoBR;;AM7pBQ;EDsBA,wBAAA;AL2oBR;;AMjqBQ;EDsBA,wBAAA;AL+oBR;;AMrqBQ;EDsBA,wBAAA;ALmpBR;;AMzqBQ;EDsBA,wBAAA;ALupBR;;AM7qBQ;EDsBA,wBAAA;AL2pBR;;AMjrBQ;ED0BA,2BAAA;AL2pBR;;AMrrBQ;ED0BA,2BAAA;AL+pBR;;AMzrBQ;ED0BA,2BAAA;ALmqBR;;AM7rBQ;ED0BA,4BAAA;ALuqBR;;AMjsBQ;ED0BA,4BAAA;AL2qBR;;AMrsBQ;ED0BA,4BAAA;AL+qBR;;AMzsBQ;ED0BA,4BAAA;ALmrBR;;AM7sBQ;ED0BA,4BAAA;ALurBR;;AMjtBQ;ED0BA,4BAAA;AL2rBR;;AMrtBQ;ED0BA,4BAAA;AL+rBR;;AMztBQ;ED0BA,4BAAA;ALmsBR;;AM7tBQ;ED8BA,8BAAA;ALmsBR;;AMjuBQ;ED8BA,8BAAA;ALusBR;;AMruBQ;ED8BA,8BAAA;AL2sBR;;AMzuBQ;ED8BA,+BAAA;AL+sBR;;AM7uBQ;ED8BA,+BAAA;ALmtBR;;AMjvBQ;ED8BA,+BAAA;ALutBR;;AMrvBQ;ED8BA,+BAAA;AL2tBR;;AMzvBQ;ED8BA,+BAAA;AL+tBR;;AM7vBQ;ED8BA,+BAAA;ALmuBR;;AMjwBQ;ED8BA,+BAAA;ALuuBR;;AMrwBQ;ED8BA,+BAAA;AL2uBR;;AMzwBQ;EDkCA,4BAAA;AL2uBR;;AM7wBQ;EDkCA,4BAAA;AL+uBR;;AMjxBQ;EDkCA,4BAAA;ALmvBR;;AMrxBQ;EDkCA,6BAAA;ALuvBR;;AMzxBQ;EDkCA,6BAAA;AL2vBR;;AM7xBQ;EDkCA,6BAAA;AL+vBR;;AMjyBQ;EDkCA,6BAAA;ALmwBR;;AMryBQ;EDkCA,6BAAA;ALuwBR;;AMzyBQ;EDkCA,6BAAA;AL2wBR;;AM7yBQ;EDkCA,6BAAA;AL+wBR;;AMjzBQ;EDkCA,6BAAA;ALmxBR;;AMrzBQ;EDsCA,6BAAA;ALmxBR;;AMzzBQ;EDsCA,6BAAA;ALuxBR;;AM7zBQ;EDsCA,6BAAA;AL2xBR;;AMj0BQ;EDsCA,8BAAA;AL+xBR;;AMr0BQ;EDsCA,8BAAA;ALmyBR;;AMz0BQ;EDsCA,8BAAA;ALuyBR;;AM70BQ;EDsCA,8BAAA;AL2yBR;;AMj1BQ;EDsCA,8BAAA;AL+yBR;;AMr1BQ;EDsCA,8BAAA;ALmzBR;;AMz1BQ;EDsCA,8BAAA;ALuzBR;;AM71BQ;EDsCA,8BAAA;AL2zBR;;AMj2BQ;ED0CA,4BAAA;EACA,6BAAA;AL2zBR;;AMt2BQ;ED0CA,4BAAA;EACA,6BAAA;ALg0BR;;AM32BQ;ED0CA,4BAAA;EACA,6BAAA;ALq0BR;;AMh3BQ;ED0CA,6BAAA;EACA,8BAAA;AL00BR;;AMr3BQ;ED0CA,6BAAA;EACA,8BAAA;AL+0BR;;AM13BQ;ED0CA,6BAAA;EACA,8BAAA;ALo1BR;;AM/3BQ;ED0CA,6BAAA;EACA,8BAAA;ALy1BR;;AMp4BQ;ED0CA,6BAAA;EACA,8BAAA;AL81BR;;AMz4BQ;ED0CA,6BAAA;EACA,8BAAA;ALm2BR;;AM94BQ;ED0CA,6BAAA;EACA,8BAAA;ALw2BR;;AMn5BQ;ED0CA,6BAAA;EACA,8BAAA;AL62BR;;AMx5BQ;ED+CA,8BAAA;EACA,2BAAA;AL62BR;;AM75BQ;ED+CA,8BAAA;EACA,2BAAA;ALk3BR;;AMl6BQ;ED+CA,8BAAA;EACA,2BAAA;ALu3BR;;AMv6BQ;ED+CA,+BAAA;EACA,4BAAA;AL43BR;;AM56BQ;ED+CA,+BAAA;EACA,4BAAA;ALi4BR;;AMj7BQ;ED+CA,+BAAA;EACA,4BAAA;ALs4BR;;AMt7BQ;ED+CA,+BAAA;EACA,4BAAA;AL24BR;;AM37BQ;ED+CA,+BAAA;EACA,4BAAA;ALg5BR;;AMh8BQ;ED+CA,+BAAA;EACA,4BAAA;ALq5BR;;AMr8BQ;ED+CA,+BAAA;EACA,4BAAA;AL05BR;;AM18BQ;ED+CA,+BAAA;EACA,4BAAA;AL+5BR;;AOz/BI;;;CAAA;AJokBA;EI5jBA;IAEQ,wBAAA;EPw/BV;AACF;;AG/bI;EItjBA;IAEQ,wBAAA;EPw/BV;AACF;;AGrcI;EIhjBA;IAEQ,wBAAA;EPw/BV;AACF;;AG3cI;EI1iBA;IAEQ,wBAAA;EPw/BV;AACF;;AGjdI;EIpiBA;IAEQ,wBAAA;EPw/BV;AACF;;AGvdI;EI9hBA;IAEQ,wBAAA;EPw/BV;AACF;;AG7dI;EIxhBA;;IAGQ,wBAAA;EPw/BV;AACF;;AGpeI;EIjhBA;IAEQ,wBAAA;EPw/BV;AACF;;AG1eI;EI3gBA;IAEQ,wBAAA;EPw/BV;AACF","file":"fozzie-utilities.css"}"`;
