// Jest Snapshot v1, https://goo.gl/fbAQLP

exports[`fozzie-reset CSS files compiles the expected CSS file 1`] = `
"/*! normalize.css v8.0.1 | MIT License | github.com/necolas/normalize.css */
/* Document
========================================================================== */
/**
* 1. Correct the line height in all browsers.
* 2. Prevent adjustments of font size after orientation changes in iOS.
*/
html {
  line-height: 1.15; /* 1 */
  -webkit-text-size-adjust: 100%; /* 2 */
}

/* Sections
========================================================================== */
/**
 * Remove the margin in all browsers.
 */
body {
  margin: 0;
}

/**
 * Render the \`main\` element consistently in IE.
 */
main {
  display: block;
}

/**
 * Correct the font size and margin on \`h1\` elements within \`section\` and
 * \`article\` contexts in Chrome, Firefox, and Safari.
 */
h1 {
  font-size: 2em;
  margin: 0.67em 0;
}

/* Grouping content
   ========================================================================== */
/**
 * 1. Add the correct box sizing in Firefox.
 * 2. Show the overflow in Edge and IE.
 */
hr {
  box-sizing: content-box; /* 1 */
  height: 0; /* 1 */
  overflow: visible; /* 2 */
}

/**
 * 1. Correct the inheritance and scaling of font size in all browsers.
 * 2. Correct the odd \`em\` font sizing in all browsers.
 */
pre {
  font-family: monospace; /* 1 */
  font-size: 1em; /* 2 */
}

/* Text-level semantics
   ========================================================================== */
/**
 * Remove the grey background on active links in IE 10.
 */
a {
  background-color: transparent;
}

/**
 * 1. Remove the bottom border in Chrome 57-
 * 2. Add the correct text decoration in Chrome, Edge, IE, Opera, and Safari.
 */
abbr[title] {
  border-bottom: none; /* 1 */
  text-decoration: underline; /* 2 */
  -webkit-text-decoration: underline dotted;
          text-decoration: underline dotted; /* 2 */
}

/**
 * Add the correct font weight in Chrome, Edge, and Safari.
 */
b,
strong {
  font-weight: bolder;
}

/**
 * 1. Correct the inheritance and scaling of font size in all browsers.
 * 2. Correct the odd \`em\` font sizing in all browsers.
 */
code,
kbd,
samp {
  font-family: monospace; /* 1 */
  font-size: 1em; /* 2 */
}

/**
 * Add the correct font size in all browsers.
 */
small {
  font-size: 80%;
}

/**
 * Prevent \`sub\` and \`sup\` elements from affecting the line height in
 * all browsers.
 */
sub,
sup {
  font-size: 75%;
  line-height: 0;
  position: relative;
  vertical-align: baseline;
}

sub {
  bottom: -0.25em;
}

sup {
  top: -0.5em;
}

/* Embedded content
   ========================================================================== */
/**
 * Remove the border on images inside links in IE 10.
 */
img {
  border-style: none;
}

/* Forms
   ========================================================================== */
/**
 * 1. Change the font styles in all browsers.
 * 2. Remove the margin in Firefox and Safari.
 */
button,
input,
optgroup,
select,
textarea {
  font-family: inherit; /* 1 */
  font-size: 100%; /* 1 */
  line-height: 1.15; /* 1 */
  margin: 0; /* 2 */
}

/**
 * Show the overflow in IE.
 * 1. Show the overflow in Edge.
 */
button,
input { /* 1 */
  overflow: visible;
}

/**
 * Remove the inheritance of text transform in Edge, Firefox, and IE.
 * 1. Remove the inheritance of text transform in Firefox.
 */
button,
select { /* 1 */
  text-transform: none;
}

/**
 * Correct the inability to style clickable types in iOS and Safari.
 */
button,
[type=button],
[type=reset],
[type=submit] {
  -webkit-appearance: button;
}

/**
 * Remove the inner border and padding in Firefox.
 */
button::-moz-focus-inner,
[type=button]::-moz-focus-inner,
[type=reset]::-moz-focus-inner,
[type=submit]::-moz-focus-inner {
  border-style: none;
  padding: 0;
}

/**
 * Restore the focus styles unset by the previous rule.
 */
button:-moz-focusring,
[type=button]:-moz-focusring,
[type=reset]:-moz-focusring,
[type=submit]:-moz-focusring {
  outline: 1px dotted ButtonText;
}

/**
 * Correct the padding in Firefox.
 */
fieldset {
  padding: 0.35em 0.75em 0.625em;
}

/**
 * 1. Correct the text wrapping in Edge and IE.
 * 2. Correct the color inheritance from \`fieldset\` elements in IE.
 * 3. Remove the padding so developers are not caught out when they zero out
 *    \`fieldset\` elements in all browsers.
 */
legend {
  box-sizing: border-box; /* 1 */
  color: inherit; /* 2 */
  display: table; /* 1 */
  max-width: 100%; /* 1 */
  padding: 0; /* 3 */
  white-space: normal; /* 1 */
}

/**
 * Add the correct vertical alignment in Chrome, Firefox, and Opera.
 */
progress {
  vertical-align: baseline;
}

/**
 * Remove the default vertical scrollbar in IE 10+.
 */
textarea {
  overflow: auto;
}

/**
 * 1. Add the correct box sizing in IE 10.
 * 2. Remove the padding in IE 10.
 */
[type=checkbox],
[type=radio] {
  box-sizing: border-box; /* 1 */
  padding: 0; /* 2 */
}

/**
 * Correct the cursor style of increment and decrement buttons in Chrome.
 */
[type=number]::-webkit-inner-spin-button,
[type=number]::-webkit-outer-spin-button {
  height: auto;
}

/**
 * 1. Correct the odd appearance in Chrome and Safari.
 * 2. Correct the outline style in Safari.
 */
[type=search] {
  -webkit-appearance: textfield; /* 1 */
  outline-offset: -2px; /* 2 */
}

/**
 * Remove the inner padding in Chrome and Safari on macOS.
 */
[type=search]::-webkit-search-decoration {
  -webkit-appearance: none;
}

/**
 * 1. Correct the inability to style clickable types in iOS and Safari.
 * 2. Change font properties to \`inherit\` in Safari.
 */
::-webkit-file-upload-button {
  -webkit-appearance: button; /* 1 */
  font: inherit; /* 2 */
}

/* Interactive
   ========================================================================== */
/*
 * Add the correct display in Edge, IE 10+, and Firefox.
 */
details {
  display: block;
}

/*
 * Add the correct display in all browsers.
 */
summary {
  display: list-item;
}

/* Misc
   ========================================================================== */
/**
 * Add the correct display in IE 10+.
 */
template {
  display: none;
}

/**
 * Add the correct display in IE 10.
 */
[hidden] {
  display: none;
}

/**
* Fozzie Reset Styles
* =================================
* We use normalize.css for the bulk of our 'reset'
* but anything else 'reset-y' lives in here
*
* This is an optional component within Fozzie.
* If you'd like to use it in your project you can include it by adding \`@include reset();\` into your SCSS dependencies file.
*/
html {
  box-sizing: border-box;
}

*,
*:before,
*:after {
  box-sizing: inherit;
}

/*# sourceMappingURL=fozzie-reset.css.map */"
`;

exports[`fozzie-reset CSS files compiles the expected minified CSS file 1`] = `"/*! normalize.css v8.0.1 | MIT License | github.com/necolas/normalize.css */html{-webkit-text-size-adjust:100%;line-height:1.15}body{margin:0}main{display:block}h1{font-size:2em;margin:.67em 0}hr{box-sizing:content-box;height:0;overflow:visible}pre{font-family:monospace;font-size:1em}a{background-color:transparent}abbr[title]{border-bottom:none;text-decoration:underline;-webkit-text-decoration:underline dotted;text-decoration:underline dotted}b,strong{font-weight:bolder}code,kbd,samp{font-family:monospace;font-size:1em}small{font-size:80%}sub,sup{font-size:75%;line-height:0;position:relative;vertical-align:baseline}sub{bottom:-.25em}sup{top:-.5em}img{border-style:none}button,input,optgroup,select,textarea{font-family:inherit;font-size:100%;line-height:1.15;margin:0}button,input{overflow:visible}button,select{text-transform:none}[type=button],[type=reset],[type=submit],button{-webkit-appearance:button}[type=button]::-moz-focus-inner,[type=reset]::-moz-focus-inner,[type=submit]::-moz-focus-inner,button::-moz-focus-inner{border-style:none;padding:0}[type=button]:-moz-focusring,[type=reset]:-moz-focusring,[type=submit]:-moz-focusring,button:-moz-focusring{outline:1px dotted ButtonText}fieldset{padding:.35em .75em .625em}legend{box-sizing:border-box;color:inherit;display:table;max-width:100%;padding:0;white-space:normal}progress{vertical-align:baseline}textarea{overflow:auto}[type=checkbox],[type=radio]{box-sizing:border-box;padding:0}[type=number]::-webkit-inner-spin-button,[type=number]::-webkit-outer-spin-button{height:auto}[type=search]{-webkit-appearance:textfield;outline-offset:-2px}[type=search]::-webkit-search-decoration{-webkit-appearance:none}::-webkit-file-upload-button{-webkit-appearance:button;font:inherit}details{display:block}summary{display:list-item}template{display:none}[hidden]{display:none}html{box-sizing:border-box}*,:after,:before{box-sizing:inherit}"`;

exports[`fozzie-reset sourcemap file compiles the expected sourcemap file 1`] = `"{"version":3,"sources":["../../src/scss/base/_normalize.scss","fozzie-reset.css","../../src/scss/base/_reset.scss"],"names":[],"mappings":"AACE,2EAAA;AAEA;4EAAA;AAGA;;;CAAA;AAIA;EACE,iBAAA,EAAA,MAAA;EACA,8BAAA,EAAA,MAAA;ACFJ;;ADKE;4EAAA;AAGA;;EAAA;AAGA;EACE,SAAA;ACHJ;;ADME;;EAAA;AAGA;EACE,cAAA;ACHJ;;ADME;;;EAAA;AAIA;EACE,cAAA;EACA,gBAAA;ACHJ;;ADME;+EAAA;AAGA;;;EAAA;AAIA;EACE,uBAAA,EAAA,MAAA;EACA,SAAA,EAAA,MAAA;EACA,iBAAA,EAAA,MAAA;ACJJ;;ADOE;;;EAAA;AAIA;EACE,sBAAA,EAAA,MAAA;EACA,cAAA,EAAA,MAAA;ACJJ;;ADOE;+EAAA;AAGA;;EAAA;AAGA;EACE,6BAAA;ACLJ;;ADQE;;;EAAA;AAIA;EACE,mBAAA,EAAA,MAAA;EACA,0BAAA,EAAA,MAAA;EACA,yCAAA;UAAA,iCAAA,EAAA,MAAA;ACLJ;;ADQE;;EAAA;AAGA;;EAEE,mBAAA;ACLJ;;ADQE;;;EAAA;AAIA;;;EAGE,sBAAA,EAAA,MAAA;EACA,cAAA,EAAA,MAAA;ACLJ;;ADQE;;EAAA;AAGA;EACE,cAAA;ACLJ;;ADQE;;;EAAA;AAIA;;EAEE,cAAA;EACA,cAAA;EACA,kBAAA;EACA,wBAAA;ACLJ;;ADQE;EACE,eAAA;ACLJ;;ADQE;EACE,WAAA;ACLJ;;ADQE;+EAAA;AAGA;;EAAA;AAGA;EACE,kBAAA;ACNJ;;ADSE;+EAAA;AAGA;;;EAAA;AAIA;;;;;EAKE,oBAAA,EAAA,MAAA;EACA,eAAA,EAAA,MAAA;EACA,iBAAA,EAAA,MAAA;EACA,SAAA,EAAA,MAAA;ACPJ;;ADUE;;;EAAA;AAIA;QACQ,MAAA;EACN,iBAAA;ACPJ;;ADUE;;;EAAA;AAIA;SACS,MAAA;EACP,oBAAA;ACPJ;;ADUE;;EAAA;AAGA;;;;EAIE,0BAAA;ACPJ;;ADUE;;EAAA;AAGA;;;;EAIE,kBAAA;EACA,UAAA;ACPJ;;ADUE;;EAAA;AAGA;;;;EAIE,8BAAA;ACPJ;;ADUE;;EAAA;AAGA;EACE,8BAAA;ACPJ;;ADUE;;;;;EAAA;AAMA;EACE,sBAAA,EAAA,MAAA;EACA,cAAA,EAAA,MAAA;EACA,cAAA,EAAA,MAAA;EACA,eAAA,EAAA,MAAA;EACA,UAAA,EAAA,MAAA;EACA,mBAAA,EAAA,MAAA;ACPJ;;ADUE;;EAAA;AAGA;EACE,wBAAA;ACPJ;;ADUE;;EAAA;AAGA;EACE,cAAA;ACPJ;;ADUE;;;EAAA;AAIA;;EAEE,sBAAA,EAAA,MAAA;EACA,UAAA,EAAA,MAAA;ACPJ;;ADUE;;EAAA;AAGA;;EAEE,YAAA;ACPJ;;ADUE;;;EAAA;AAIA;EACE,6BAAA,EAAA,MAAA;EACA,oBAAA,EAAA,MAAA;ACPJ;;ADUE;;EAAA;AAGA;EACE,wBAAA;ACPJ;;ADUE;;;EAAA;AAIA;EACE,0BAAA,EAAA,MAAA;EACA,aAAA,EAAA,MAAA;ACPJ;;ADUE;+EAAA;AAGA;;EAAA;AAGA;EACE,cAAA;ACRJ;;ADWE;;EAAA;AAGA;EACE,kBAAA;ACRJ;;ADWE;+EAAA;AAGA;;EAAA;AAGA;EACE,aAAA;ACTJ;;ADYE;;EAAA;AAGA;EACE,aAAA;ACTJ;;AClTI;;;;;;;;CAAA;AAUA;EACI,sBAAA;ADoTR;;ACjTI;;;EAGI,mBAAA;ADoTR","file":"fozzie-reset.css"}"`;
