// Jest Snapshot v1, https://goo.gl/fbAQLP

exports[`ChevronIcon should render default component markup 1`] = `<chevron-icon-stub class="c-icon c-icon--chevron"></chevron-icon-stub>`;
